kotlin version: 2.0.21
error message: Incremental compilation failed: C:\SSAFY\HOONMIN\hm_world_app\app\build\kotlin\compileDebugKotlin\cacheable\caches-jvm\jvm\kotlin\class-attributes.tab.keystream
java.lang.AssertionError: C:\SSAFY\HOONMIN\hm_world_app\app\build\kotlin\compileDebugKotlin\cacheable\caches-jvm\jvm\kotlin\class-attributes.tab.keystream
	at org.jetbrains.kotlin.com.intellij.openapi.diagnostic.DefaultLogger.error(DefaultLogger.java:83)
	at org.jetbrains.kotlin.com.intellij.openapi.diagnostic.Logger.error(Logger.java:436)
	at org.jetbrains.kotlin.com.intellij.util.io.PersistentEnumeratorBase.catchCorruption(PersistentEnumeratorBase.java:672)
	at org.jetbrains.kotlin.com.intellij.util.io.PersistentEnumeratorBase.doEnumerate(PersistentEnumeratorBase.java:265)
	at org.jetbrains.kotlin.com.intellij.util.io.PersistentEnumeratorBase.tryEnumerate(PersistentEnumeratorBase.java:256)
	at org.jetbrains.kotlin.com.intellij.util.io.PersistentMapImpl.doGet(PersistentMapImpl.java:655)
	at org.jetbrains.kotlin.com.intellij.util.io.PersistentMapImpl.get(PersistentMapImpl.java:613)
	at org.jetbrains.kotlin.com.intellij.util.io.PersistentHashMap.get(PersistentHashMap.java:196)
	at org.jetbrains.kotlin.incremental.storage.LazyStorage.get(LazyStorage.kt:76)
	at org.jetbrains.kotlin.incremental.storage.InMemoryStorage.get(InMemoryStorage.kt:68)
	at org.jetbrains.kotlin.incremental.storage.ClassAttributesMap.get(ClassAttributesMap.kt:48)
	at org.jetbrains.kotlin.incremental.AbstractIncrementalCache.isSealed(AbstractIncrementalCache.kt:105)
	at org.jetbrains.kotlin.incremental.BuildUtilKt.isSealed(buildUtil.kt:256)
	at org.jetbrains.kotlin.incremental.BuildUtilKt.findSealedSupertypes(buildUtil.kt:267)
	at org.jetbrains.kotlin.incremental.AbstractIncrementalCache.getComplementaryFilesRecursive(AbstractIncrementalCache.kt:223)
	at org.jetbrains.kotlin.incremental.IncrementalCompilerRunner.doCompile(IncrementalCompilerRunner.kt:478)
	at org.jetbrains.kotlin.incremental.IncrementalCompilerRunner.compileImpl(IncrementalCompilerRunner.kt:423)
	at org.jetbrains.kotlin.incremental.IncrementalCompilerRunner.tryCompileIncrementally$lambda$9$compile(IncrementalCompilerRunner.kt:249)
	at org.jetbrains.kotlin.incremental.IncrementalCompilerRunner.tryCompileIncrementally(IncrementalCompilerRunner.kt:267)
	at org.jetbrains.kotlin.incremental.IncrementalCompilerRunner.compile(IncrementalCompilerRunner.kt:120)
	at org.jetbrains.kotlin.daemon.CompileServiceImplBase.execIncrementalCompiler(CompileServiceImpl.kt:675)
	at org.jetbrains.kotlin.daemon.CompileServiceImplBase.access$execIncrementalCompiler(CompileServiceImpl.kt:92)
	at org.jetbrains.kotlin.daemon.CompileServiceImpl.compile(CompileServiceImpl.kt:1660)
	at java.base/jdk.internal.reflect.DirectMethodHandleAccessor.invoke(Unknown Source)
	at java.base/java.lang.reflect.Method.invoke(Unknown Source)
	at java.rmi/sun.rmi.server.UnicastServerRef.dispatch(Unknown Source)
	at java.rmi/sun.rmi.transport.Transport$1.run(Unknown Source)
	at java.rmi/sun.rmi.transport.Transport$1.run(Unknown Source)
	at java.base/java.security.AccessController.doPrivileged(Unknown Source)
	at java.rmi/sun.rmi.transport.Transport.serviceCall(Unknown Source)
	at java.rmi/sun.rmi.transport.tcp.TCPTransport.handleMessages(Unknown Source)
	at java.rmi/sun.rmi.transport.tcp.TCPTransport$ConnectionHandler.run0(Unknown Source)
	at java.rmi/sun.rmi.transport.tcp.TCPTransport$ConnectionHandler.lambda$run$0(Unknown Source)
	at java.base/java.security.AccessController.doPrivileged(Unknown Source)
	at java.rmi/sun.rmi.transport.tcp.TCPTransport$ConnectionHandler.run(Unknown Source)
	at java.base/java.util.concurrent.ThreadPoolExecutor.runWorker(Unknown Source)
	at java.base/java.util.concurrent.ThreadPoolExecutor$Worker.run(Unknown Source)
	at java.base/java.lang.Thread.run(Unknown Source)
Caused by: java.nio.file.AccessDeniedException: C:\SSAFY\HOONMIN\hm_world_app\app\build\kotlin\compileDebugKotlin\cacheable\caches-jvm\jvm\kotlin\class-attributes.tab.keystream
	at java.base/sun.nio.fs.WindowsException.translateToIOException(Unknown Source)
	at java.base/sun.nio.fs.WindowsException.rethrowAsIOException(Unknown Source)
	at java.base/sun.nio.fs.WindowsException.rethrowAsIOException(Unknown Source)
	at java.base/sun.nio.fs.WindowsFileSystemProvider.newFileChannel(Unknown Source)
	at java.base/java.nio.channels.FileChannel.open(Unknown Source)
	at org.jetbrains.kotlin.com.intellij.util.io.FileChannelInterruptsRetryer.lambda$reopenChannel$0(FileChannelInterruptsRetryer.java:203)
	at org.jetbrains.kotlin.com.intellij.util.ConcurrencyUtil.withLock(ConcurrencyUtil.java:264)
	at org.jetbrains.kotlin.com.intellij.util.io.FileChannelInterruptsRetryer.reopenChannel(FileChannelInterruptsRetryer.java:196)
	at org.jetbrains.kotlin.com.intellij.util.io.FileChannelInterruptsRetryer.<init>(FileChannelInterruptsRetryer.java:93)
	at org.jetbrains.kotlin.com.intellij.util.io.ResilientFileChannel.<init>(ResilientFileChannel.java:62)
	at org.jetbrains.kotlin.com.intellij.util.io.OpenChannelsCache$ChannelDescriptor.lambda$new$0(OpenChannelsCache.java:210)
	at org.jetbrains.kotlin.com.intellij.openapi.util.io.FileUtilRt.doIOOperation(FileUtilRt.java:917)
	at org.jetbrains.kotlin.com.intellij.util.io.OpenChannelsCache$ChannelDescriptor.<init>(OpenChannelsCache.java:208)
	at org.jetbrains.kotlin.com.intellij.util.io.StorageLockContext.executeIdempotentOp(StorageLockContext.java:128)
	at org.jetbrains.kotlin.com.intellij.util.io.PagedFileStorage.executeIdempotentOp(PagedFileStorage.java:145)
	at org.jetbrains.kotlin.com.intellij.util.io.DirectBufferWrapper.allocateAndLoadFileContent(DirectBufferWrapper.java:237)
	at org.jetbrains.kotlin.com.intellij.util.io.DirectBufferWrapper.<init>(DirectBufferWrapper.java:65)
	at org.jetbrains.kotlin.com.intellij.util.io.FilePageCache.allocateAndLoadPage(FilePageCache.java:542)
	at org.jetbrains.kotlin.com.intellij.util.io.FilePageCache.get(FilePageCache.java:238)
	at org.jetbrains.kotlin.com.intellij.util.io.PagedFileStorage.doGetBufferWrapper(PagedFileStorage.java:458)
	at org.jetbrains.kotlin.com.intellij.util.io.PagedFileStorage.getBufferWrapper(PagedFileStorage.java:430)
	at org.jetbrains.kotlin.com.intellij.util.io.PagedFileStorage.getByteBuffer(PagedFileStorage.java:191)
	at org.jetbrains.kotlin.com.intellij.util.io.keyStorage.AppendableStorageBackedByResizableMappedFile$3.<init>(AppendableStorageBackedByResizableMappedFile.java:261)
	at org.jetbrains.kotlin.com.intellij.util.io.keyStorage.AppendableStorageBackedByResizableMappedFile.buildOldComparerStream(AppendableStorageBackedByResizableMappedFile.java:258)
	at org.jetbrains.kotlin.com.intellij.util.io.keyStorage.AppendableStorageBackedByResizableMappedFile.checkBytesAreTheSame(AppendableStorageBackedByResizableMappedFile.java:179)
	at org.jetbrains.kotlin.com.intellij.util.io.PersistentEnumeratorBase.isKeyAtIndex(PersistentEnumeratorBase.java:394)
	at org.jetbrains.kotlin.com.intellij.util.io.PersistentBTreeEnumerator.enumerateImpl(PersistentBTreeEnumerator.java:596)
	at org.jetbrains.kotlin.com.intellij.util.io.PersistentEnumeratorBase.lambda$doEnumerate$0(PersistentEnumeratorBase.java:266)
	at org.jetbrains.kotlin.com.intellij.util.io.PersistentEnumeratorBase.catchCorruption(PersistentEnumeratorBase.java:654)
	... 35 more


